./gradlew : WARNING: A restricted method in 
java.lang.System has been called
At line:1 char:1
+ ./gradlew compileDebugJavaWithJavac --info 
2>&1 | Out-File -FilePath  ...
+ ~~~~~~~~~~~~~~~~~~~~~~~~~~~~~~~~~~~~~~~~~~~
~~~~
    + CategoryInfo          : NotSpecified:  
   (WARNING: A rest...has been called:Strin  
  g) [], RemoteException
    + FullyQualifiedErrorId : NativeCommandE 
   rror
 
WARNING: java.lang.System::load has been 
called by net.rubygrapefruit.platform.interna
l.NativeLibraryLoader in an unnamed module (f
ile:/C:/Users/s3cr3t/.gradle/wrapper/dists/gr
adle-8.13-bin/5xuhj0ry160q40clulazy9h7d/gradl
e-8.13/lib/native-platform-0.22-milestone-28.
jar)
WARNING: Use 
--enable-native-access=ALL-UNNAMED to avoid 
a warning for callers in this module
WARNING: Restricted methods will be blocked 
in a future release unless native access is 
enabled

Initialized native services in: C:\Users\s3cr3t\.gradle\native
Initialized jansi services in: C:\Users\s3cr3t\.gradle\native
The client will now receive all logging from the daemon (pid: 30548). The daemon log file: C:\Users\s3cr3t\.gradle\daemon\8.13\daemon-30548.out.log
Starting 5th build in daemon [uptime: 2 mins 25.98 secs, performance: 100%, GC rate: 0.00/s, heap usage: 0% of 2 GiB]
Using 12 worker leases.
Now considering [C:\Users\s3cr3t\AndroidStudioProjects\App_movie_booking_ticket 2025-12-17 13-25-50.png] as hierarchies to watch
Watching the file system is configured to be enabled if available
File system watching is active
Starting Build
Invalidating in-memory cache of C:\Users\s3cr3t\.gradle\caches\8.13\fileHashes\fileHashes.bin
Invalidating in-memory cache of C:\Users\s3cr3t\.gradle\caches\8.13\fileHashes\resourceHashesCache.bin
Invalidating in-memory cache of C:\Users\s3cr3t\.gradle\caches\journal-1\file-access.bin
Caching disabled for Kotlin DSL script compilation (Settings/TopLevel/stage1) because:
  Build cache is disabled

FAILURE: Build failed with an exception.

* What went wrong:
25.0.1

* Try:
> Run with --stacktrace option to get the 
stack trace.
> Run with --debug option to get more log 
output.
> Run with --scan to get full insights.
> Get more help at https://help.gradle.org.

BUILD FAILED in 17s
Watched directory hierarchies: []
